src/components/shared/SensorConfidenceBadge.tsx(6,25): error TS6133: 'CheckCircle' is declared but its value is never read.
src/components/shared/Sidebar.tsx(24,43): error TS6133: 'onToggle' is declared but its value is never read.
src/hooks/useMqttConnection.ts(33,29): error TS6133: 'topic' is declared but its value is never read.
src/i18n/translations.ts(229,9): error TS1117: An object literal cannot have multiple properties with the same name.
src/i18n/translations.ts(230,9): error TS1117: An object literal cannot have multiple properties with the same name.
src/i18n/translations.ts(243,9): error TS1117: An object literal cannot have multiple properties with the same name.
src/i18n/translations.ts(244,9): error TS1117: An object literal cannot have multiple properties with the same name.
src/i18n/translations.ts(246,9): error TS1117: An object literal cannot have multiple properties with the same name.
src/i18n/translations.ts(581,9): error TS1117: An object literal cannot have multiple properties with the same name.
src/i18n/translations.ts(582,9): error TS1117: An object literal cannot have multiple properties with the same name.
src/i18n/translations.ts(595,9): error TS1117: An object literal cannot have multiple properties with the same name.
src/i18n/translations.ts(596,9): error TS1117: An object literal cannot have multiple properties with the same name.
src/i18n/translations.ts(598,9): error TS1117: An object literal cannot have multiple properties with the same name.
src/pages/auth/RegisterPage.tsx(8,32): error TS6133: 'User' is declared but its value is never read.
src/pages/city-admin/Alerts.tsx(7,25): error TS6133: 'Bell' is declared but its value is never read.
src/pages/city-admin/Alerts.tsx(7,44): error TS6133: 'Filter' is declared but its value is never read.
src/pages/city-admin/Dashboard.tsx(9,83): error TS6133: 'Wind' is declared but its value is never read.
src/pages/city-admin/Dashboard.tsx(9,89): error TS6133: 'Thermometer' is declared but its value is never read.
src/pages/city-admin/Dashboard.tsx(9,102): error TS6133: 'Droplets' is declared but its value is never read.
src/pages/city-admin/Dashboard.tsx(18,18): error TS2307: Cannot find module 'leaflet/dist/images/marker-icon.png' or its corresponding type declarations.
src/pages/city-admin/Dashboard.tsx(19,24): error TS2307: Cannot find module 'leaflet/dist/images/marker-shadow.png' or its corresponding type declarations.
src/pages/city-admin/Dashboard.tsx(526,11): error TS6133: 'aqiBg' is declared but its value is never read.
src/pages/industry-owner/Anomalies.tsx(43,11): error TS6133: 't' is declared but its value is never read.
src/pages/industry-owner/Compliance.tsx(8,47): error TS6133: 'FileText' is declared but its value is never read.
src/pages/industry-owner/Compliance.tsx(8,86): error TS6133: 'TrendingUp' is declared but its value is never read.
src/pages/industry-owner/Compliance.tsx(12,26): error TS6133: 'LineChart' is declared but its value is never read.
src/pages/industry-owner/Compliance.tsx(12,37): error TS6133: 'Line' is declared but its value is never read.
src/pages/industry-owner/Dashboard.tsx(7,33): error TS6133: 'XCircle' is declared but its value is never read.
src/pages/vehicle-owner/Dashboard.tsx(22,7): error TS6133: 'DRIFT_ML_BASE' is declared but its value is never read.
src/pages/vehicle-owner/Dashboard.tsx(190,141): error TS6133: 'usbError' is declared but its value is never read.
